../Core/Src/main.c:93:5:main	40	static
../Core/Src/main.c:155:6:SystemClock_Config	88	static
../Core/Src/main.c:201:13:MX_ADC1_Init	24	static
../Core/Src/main.c:253:13:MX_ADC2_Init	24	static
../Core/Src/main.c:305:13:MX_ETH_Init	8	static
../Core/Src/main.c:354:13:MX_TIM2_Init	64	static
../Core/Src/main.c:413:13:MX_USART3_UART_Init	8	static
../Core/Src/main.c:446:13:MX_USB_OTG_FS_PCD_Init	8	static
../Core/Src/main.c:481:13:MX_GPIO_Init	56	static
../Core/Src/main.c:539:6:Error_Handler	4	static,ignoring_inline_asm
