../Core/Src/main.c:91:5:main	40	static
../Core/Src/main.c:196:6:SystemClock_Config	88	static
../Core/Src/main.c:242:13:MX_ADC1_Init	24	static
../Core/Src/main.c:294:13:MX_ADC2_Init	24	static
../Core/Src/main.c:346:13:MX_ETH_Init	8	static
../Core/Src/main.c:395:13:MX_TIM2_Init	64	static
../Core/Src/main.c:454:13:MX_USART3_UART_Init	8	static
../Core/Src/main.c:487:13:MX_USB_OTG_FS_PCD_Init	8	static
../Core/Src/main.c:522:13:MX_GPIO_Init	56	static
../Core/Src/main.c:580:6:Error_Handler	4	static,ignoring_inline_asm
